
% TEXT, 90JIS
uphminl-h	UniSourceHanSerifJP-UTF16-H	SourceHanSerif-Light.otf
uphminl-v	UniSourceHanSerifJP-UTF16-V	SourceHanSerif-Light.otf
uphminr-h	UniSourceHanSerifJP-UTF16-H	SourceHanSerif-Regular.otf
uphminr-v	UniSourceHanSerifJP-UTF16-V	SourceHanSerif-Regular.otf
uphminb-h	UniSourceHanSerifJP-UTF16-H	SourceHanSerif-Bold.otf
uphminb-v	UniSourceHanSerifJP-UTF16-V	SourceHanSerif-Bold.otf
uphgothr-h	UniSourceHanSansJP-UTF16-H	SourceHanSans-Regular.otf
uphgothr-v	UniSourceHanSansJP-UTF16-V	SourceHanSans-Regular.otf
uphgothb-h	UniSourceHanSansJP-UTF16-H	SourceHanSans-Bold.otf
uphgothb-v	UniSourceHanSansJP-UTF16-V	SourceHanSans-Bold.otf
uphgotheb-h	UniSourceHanSansJP-UTF16-H	SourceHanSans-Heavy.otf
uphgotheb-v	UniSourceHanSansJP-UTF16-V	SourceHanSans-Heavy.otf
uphmgothr-h	UniSourceHanSansJP-UTF16-H	SourceHanSans-Medium.otf
uphmgothr-v	UniSourceHanSansJP-UTF16-V	SourceHanSans-Medium.otf

% TEXT, JIS04
uphminln-h	UniSourceHanSerifJP-UTF16-H	SourceHanSerif-Light.otf
uphminln-v	UniSourceHanSerifJP-UTF16-V	SourceHanSerif-Light.otf
uphminrn-h	UniSourceHanSerifJP-UTF16-H	SourceHanSerif-Regular.otf
uphminrn-v	UniSourceHanSerifJP-UTF16-V	SourceHanSerif-Regular.otf
uphminbn-h	UniSourceHanSerifJP-UTF16-H	SourceHanSerif-Bold.otf
uphminbn-v	UniSourceHanSerifJP-UTF16-V	SourceHanSerif-Bold.otf
uphgothrn-h	UniSourceHanSansJP-UTF16-H	SourceHanSans-Regular.otf
uphgothrn-v	UniSourceHanSansJP-UTF16-V	SourceHanSans-Regular.otf
uphgothbn-h	UniSourceHanSansJP-UTF16-H	SourceHanSans-Bold.otf
uphgothbn-v	UniSourceHanSansJP-UTF16-V	SourceHanSans-Bold.otf
uphgothebn-h	UniSourceHanSansJP-UTF16-H	SourceHanSans-Heavy.otf
uphgothebn-v	UniSourceHanSansJP-UTF16-V	SourceHanSans-Heavy.otf
uphmgothrn-h	UniSourceHanSansJP-UTF16-H	SourceHanSans-Medium.otf
uphmgothrn-v	UniSourceHanSansJP-UTF16-V	SourceHanSans-Medium.otf
